with GC;
with GC.Storage;
with System;
with Ada.Unchecked_Conversion;
with Ada.Text_IO; use Ada.Text_IO;
procedure Test is
   AGC_Base_Root_Count : Natural := GC.Root_Count;
   pragma Default_Storage_Pool (GC.Storage.Pool);
   type Integer_Access is access all Integer;
   procedure AGC_Visit_Test_Integer_Access is new GC.Visit_Access_Type
     (Integer, Integer_Access, GC.No_Op);
   X : aliased Integer_Access := null;
begin
   GC.Push_Root (X'Address, AGC_Visit_Test_Integer_Access'Address);
   declare
      Y : Integer := 12;
   begin
      null;
   end;
   GC.Pop_Roots (AGC_Base_Root_Count);
end Test;
