 HEAP SUMMARY:
     in use at exit: 20 bytes in 1 blocks
   total heap usage: 5 allocs, 4 frees, 92 bytes allocated
 
 LEAK SUMMARY:
    definitely lost: 20 bytes in 1 blocks
    indirectly lost: 0 bytes in 0 blocks
      possibly lost: 0 bytes in 0 blocks
    still reachable: 0 bytes in 0 blocks
         suppressed: 0 bytes in 0 blocks
full to see details of leaked memory
 
 For lists of detected and suppressed errors, rerun with: -s
 ERROR SUMMARY: 0 errors from 0 contexts (suppressed: 0 from 0)
