with AGC;
with AGC.Standard;
with AGC.Storage.Get;
with AGC.Storage.Controlled;
with System;
with Ada.Unchecked_Conversion;
procedure Test is
   generic
      type T is private;
      with procedure AGC_Visit_T_Private (X : System.Address);
   package Pkg is
      type Rec is record
         X : T;
      end record;
      procedure AGC_Visit_Rec (X : System.Address);
   end Pkg;
   package body Pkg is
      procedure AGC_Visit_Rec (X : System.Address) is
         pragma Suppress (Accessibility_Check);
         type Rec_Access is access all Rec;
         for Rec_Access'Size use Standard'Address_Size;
         function Conv is new Ada.Unchecked_Conversion
           (System.Address, Rec_Access);
         R : Rec renames Conv (X).all;
      begin
         declare
            C : aliased Test.Pkg.T := R.X;
         begin
            Test.Pkg.AGC_Visit_T_Private (C'Address);
         end;
      end AGC_Visit_Rec;
   end Pkg;
begin
   null;
end Test;
