 HEAP SUMMARY:
     in use at exit: 3,604 bytes in 6 blocks
   total heap usage: 12 allocs, 6 frees, 3,884 bytes allocated
 
 LEAK SUMMARY:
    definitely lost: 0 bytes in 0 blocks
    indirectly lost: 0 bytes in 0 blocks
      possibly lost: 0 bytes in 0 blocks
    still reachable: 3,604 bytes in 6 blocks
         suppressed: 0 bytes in 0 blocks
full to see details of leaked memory
 
 For lists of detected and suppressed errors, rerun with: -s
 ERROR SUMMARY: 0 errors from 0 contexts (suppressed: 0 from 0)
