with AGC;
with AGC.Standard;
with AGC.Storage.Get;
with System;
with Ada.Unchecked_Conversion;
with Ada.Strings.Unbounded;
procedure Test is
   pragma Default_Storage_Pool (AGC.Storage.Get.Pool);
   use Ada.Strings.Unbounded;
   X : Unbounded_String;
begin
   Append (X, "hello");
end Test;
