with AGC;
with AGC.Standard;
with AGC.Storage.Get;
with System;
with Ada.Unchecked_Conversion;
procedure Test is
   AGC_Base_Root_Count : constant Natural := AGC.Root_Count;
   type Int;
   type Int_Access is access Int;
   type Int is range 1 .. 10;

   for Int_Access'Storage_Pool use AGC.Storage.Get.Pool;
   procedure AGC_Visit_Int_Access (X : System.Address) with
      Inline;
   package AGC_Int_Access_Ops_Implem is new AGC.Access_Type_Operations
     (Test.Int, Int_Access, False, AGC.No_Op);
   procedure AGC_Visit_Int_Access (X : System.Address) renames
     AGC_Int_Access_Ops_Implem.Mark_And_Visit_Access_Type;
   function AGC_Register_Int_Access (X : Int_Access) return Int_Access with
      Inline;
   function AGC_Register_Int_Access (X : Int_Access) return Int_Access renames
     AGC_Int_Access_Ops_Implem.Register;
   X           : aliased Int_Access      := null;
   AGC_Dummy_0 : constant AGC.Empty_Type :=
     AGC.Push_Root (X'Address, Test.AGC_Visit_Int_Access'Address);
begin
   AGC.Pop_Roots (AGC_Base_Root_Count);
end Test;
