    at 0x405DB9: test__pkg_u__print.5378 (in /tmp/tmpvkrwj456/test)
    by 0x405B81: _ada_test (in /tmp/tmpvkrwj456/test)
    by 0x407490: main (in /tmp/tmpvkrwj456/test)
  Address 0x4a8c0b4 is 4 bytes inside a block of size 8 free'd
    at 0x483CA3F: free (in /usr/lib/x86_64-linux-gnu/valgrind/vgpreload_memcheck-amd64-linux.so)
    by 0x44CD08: __gnat_free (in /tmp/tmpvkrwj456/test)
    by 0x4166FD: agc__storage__malloc_free__collect (agc-storage-malloc_free.adb:23)
    by 0x42E5E5: agc__collect (agc.adb:208)
    by 0x405B52: _ada_test (in /tmp/tmpvkrwj456/test)
    by 0x407490: main (in /tmp/tmpvkrwj456/test)
  Block was alloc'd at
    at 0x483B7F3: malloc (in /usr/lib/x86_64-linux-gnu/valgrind/vgpreload_memcheck-amd64-linux.so)
    by 0x44CCAE: __gnat_malloc (in /tmp/tmpvkrwj456/test)
    by 0x416774: agc__storage__malloc_free__allocate__2 (agc-storage-malloc_free.adb:44)
    by 0x406546: test__agc_func_0.5439 (in /tmp/tmpvkrwj456/test)
    by 0x40586C: _ada_test (in /tmp/tmpvkrwj456/test)
    by 0x407490: main (in /tmp/tmpvkrwj456/test)
 
 Invalid read of size 4
    at 0x405E12: test__pkg_u__print.5378 (in /tmp/tmpvkrwj456/test)
    by 0x405B81: _ada_test (in /tmp/tmpvkrwj456/test)
    by 0x407490: main (in /tmp/tmpvkrwj456/test)
  Address 0x4a8bfb4 is 4 bytes inside a block of size 8 free'd
    at 0x483CA3F: free (in /usr/lib/x86_64-linux-gnu/valgrind/vgpreload_memcheck-amd64-linux.so)
    by 0x44CD08: __gnat_free (in /tmp/tmpvkrwj456/test)
    by 0x4166FD: agc__storage__malloc_free__collect (agc-storage-malloc_free.adb:23)
    by 0x42E5E5: agc__collect (agc.adb:208)
    by 0x405B52: _ada_test (in /tmp/tmpvkrwj456/test)
    by 0x407490: main (in /tmp/tmpvkrwj456/test)
  Block was alloc'd at
    at 0x483B7F3: malloc (in /usr/lib/x86_64-linux-gnu/valgrind/vgpreload_memcheck-amd64-linux.so)
    by 0x44CCAE: __gnat_malloc (in /tmp/tmpvkrwj456/test)
    by 0x416774: agc__storage__malloc_free__allocate__2 (agc-storage-malloc_free.adb:44)
    by 0x406501: test__agc_func_0.5439 (in /tmp/tmpvkrwj456/test)
    by 0x40586C: _ada_test (in /tmp/tmpvkrwj456/test)
    by 0x407490: main (in /tmp/tmpvkrwj456/test)
 
 
 HEAP SUMMARY:
     in use at exit: 3,592 bytes in 3 blocks
   total heap usage: 10 allocs, 7 frees, 3,784 bytes allocated
 
 LEAK SUMMARY:
    definitely lost: 0 bytes in 0 blocks
    indirectly lost: 0 bytes in 0 blocks
      possibly lost: 0 bytes in 0 blocks
    still reachable: 3,592 bytes in 3 blocks
         suppressed: 0 bytes in 0 blocks
full to see details of leaked memory
 
 For lists of detected and suppressed errors, rerun with: -s
 ERROR SUMMARY: 2 errors from 2 contexts (suppressed: 0 from 0)
