with AGC;
with AGC.Standard;
with AGC.Storage.Get;
with System;
with Ada.Unchecked_Conversion;
with Ada.Text_IO; use Ada.Text_IO;
procedure Test is
   AGC_Base_Root_Count : constant Natural := AGC.Root_Count;
   type Integer_Access is access Integer with
      Storage_Pool => AGC.Storage.Get.Pool;
   procedure AGC_Visit_Integer_Access (X : System.Address);
   procedure AGC_Visit_Integer_Access_Implem is new AGC
     .Mark_And_Visit_Access_Type
     (Standard.Integer, False, AGC.No_Op);
   procedure AGC_Visit_Integer_Access (X : System.Address) renames
     AGC_Visit_Integer_Access_Implem;
   procedure Inner (X : Integer_Access) is
      AGC_Base_Root_Count : constant Natural        := AGC.Root_Count;
      Y                   : aliased Integer_Access  := new Integer'(2);
      AGC_Dummy_0         : constant AGC.Empty_Type :=
        AGC.Push_Root (Y'Address, Test.AGC_Visit_Integer_Access'Address);
   begin
      AGC.Pop_Roots (AGC_Base_Root_Count);
   end Inner;
   A           : aliased Integer_Access  := new Integer'(1);
   AGC_Dummy_0 : constant AGC.Empty_Type :=
     AGC.Push_Root (A'Address, Test.AGC_Visit_Integer_Access'Address);
begin
   Inner (A);
   AGC.Collect;
   AGC.Pop_Roots (AGC_Base_Root_Count);
end Test;
