 HEAP SUMMARY:
     in use at exit: 3,608 bytes in 5 blocks
   total heap usage: 12 allocs, 7 frees, 3,824 bytes allocated
 
 LEAK SUMMARY:
    definitely lost: 0 bytes in 0 blocks
    indirectly lost: 0 bytes in 0 blocks
      possibly lost: 16 bytes in 2 blocks
    still reachable: 3,592 bytes in 3 blocks
         suppressed: 0 bytes in 0 blocks
full to see details of leaked memory
 
 For lists of detected and suppressed errors, rerun with: -s
 ERROR SUMMARY: 0 errors from 0 contexts (suppressed: 0 from 0)
